mode: atomic
github.com/tranvantuan81/bookmark-management/docs/docs.go:140.13,142.2 1 0
github.com/tranvantuan81/bookmark-management/docs/docs.go:140.13,142.2 1 1
github.com/tranvantuan81/bookmark-management/internal/api/api.go:31.70,40.2 3 5
github.com/tranvantuan81/bookmark-management/internal/api/api.go:43.32,45.2 1 0
github.com/tranvantuan81/bookmark-management/internal/api/api.go:48.70,50.2 1 5
github.com/tranvantuan81/bookmark-management/internal/api/api.go:53.31,71.2 12 5
github.com/tranvantuan81/bookmark-management/internal/config/config.go:16.35,19.29 2 0
github.com/tranvantuan81/bookmark-management/internal/config/config.go:19.29,21.3 1 0
github.com/tranvantuan81/bookmark-management/internal/config/config.go:23.2,24.16 2 0
github.com/tranvantuan81/bookmark-management/internal/config/config.go:24.16,26.3 1 0
github.com/tranvantuan81/bookmark-management/internal/config/config.go:27.2,27.20 1 0
github.com/tranvantuan81/bookmark-management/internal/handler/genpass.go:22.53,26.2 1 5
github.com/tranvantuan81/bookmark-management/internal/handler/genpass.go:36.59,38.16 2 1
github.com/tranvantuan81/bookmark-management/internal/handler/genpass.go:38.16,41.3 2 0
github.com/tranvantuan81/bookmark-management/internal/handler/genpass.go:43.2,43.48 1 1
github.com/tranvantuan81/bookmark-management/internal/handler/health_check.go:20.69,24.2 1 5
github.com/tranvantuan81/bookmark-management/internal/handler/health_check.go:34.58,36.16 2 1
github.com/tranvantuan81/bookmark-management/internal/handler/health_check.go:36.16,39.3 2 0
github.com/tranvantuan81/bookmark-management/internal/handler/health_check.go:41.2,41.28 1 1
github.com/tranvantuan81/bookmark-management/internal/handler/shortenlink.go:21.57,25.2 1 5
github.com/tranvantuan81/bookmark-management/internal/handler/shortenlink.go:46.57,49.49 2 1
github.com/tranvantuan81/bookmark-management/internal/handler/shortenlink.go:49.49,52.3 2 0
github.com/tranvantuan81/bookmark-management/internal/handler/shortenlink.go:55.2,56.16 2 1
github.com/tranvantuan81/bookmark-management/internal/handler/shortenlink.go:56.16,59.3 2 0
github.com/tranvantuan81/bookmark-management/internal/handler/shortenlink.go:62.2,62.93 1 1
github.com/tranvantuan81/bookmark-management/internal/repository/ping.go:17.36,21.2 1 5
github.com/tranvantuan81/bookmark-management/internal/repository/ping.go:23.48,25.2 1 1
github.com/tranvantuan81/bookmark-management/internal/repository/urlstorage.go:31.48,33.2 1 5
github.com/tranvantuan81/bookmark-management/internal/repository/urlstorage.go:36.88,38.2 1 1
github.com/tranvantuan81/bookmark-management/internal/repository/urlstorage.go:41.78,43.31 2 1
github.com/tranvantuan81/bookmark-management/internal/repository/urlstorage.go:43.31,45.3 1 1
github.com/tranvantuan81/bookmark-management/internal/repository/urlstorage.go:47.2,47.17 1 0
github.com/tranvantuan81/bookmark-management/internal/service/genpass.go:21.27,23.2 1 5
github.com/tranvantuan81/bookmark-management/internal/service/genpass.go:26.71,29.24 2 2
github.com/tranvantuan81/bookmark-management/internal/service/genpass.go:29.24,31.17 2 19
github.com/tranvantuan81/bookmark-management/internal/service/genpass.go:31.17,33.4 1 0
github.com/tranvantuan81/bookmark-management/internal/service/genpass.go:35.3,35.35 1 19
github.com/tranvantuan81/bookmark-management/internal/service/genpass.go:37.2,37.30 1 2
github.com/tranvantuan81/bookmark-management/internal/service/health_check.go:23.75,28.2 1 5
github.com/tranvantuan81/bookmark-management/internal/service/health_check.go:38.81,43.16 2 1
github.com/tranvantuan81/bookmark-management/internal/service/health_check.go:43.16,45.3 1 0
github.com/tranvantuan81/bookmark-management/internal/service/health_check.go:47.2,51.8 1 1
github.com/tranvantuan81/bookmark-management/internal/service/shortenurl.go:25.73,27.2 1 5
github.com/tranvantuan81/bookmark-management/internal/service/shortenurl.go:30.102,31.6 1 1
github.com/tranvantuan81/bookmark-management/internal/service/shortenurl.go:31.6,34.17 2 1
github.com/tranvantuan81/bookmark-management/internal/service/shortenurl.go:34.17,36.4 1 0
github.com/tranvantuan81/bookmark-management/internal/service/shortenurl.go:39.3,40.60 2 1
github.com/tranvantuan81/bookmark-management/internal/service/shortenurl.go:40.60,42.4 1 0
github.com/tranvantuan81/bookmark-management/internal/service/shortenurl.go:44.3,44.18 1 1
github.com/tranvantuan81/bookmark-management/internal/service/shortenurl.go:44.18,45.12 1 0
github.com/tranvantuan81/bookmark-management/internal/service/shortenurl.go:48.3,49.17 2 1
github.com/tranvantuan81/bookmark-management/internal/service/shortenurl.go:49.17,51.4 1 0
github.com/tranvantuan81/bookmark-management/internal/service/shortenurl.go:53.3,53.19 1 1
github.com/tranvantuan81/bookmark-management/pkg/redis/client.go:5.57,7.16 2 0
github.com/tranvantuan81/bookmark-management/pkg/redis/client.go:7.16,9.3 1 0
github.com/tranvantuan81/bookmark-management/pkg/redis/client.go:10.2,16.17 2 0
github.com/tranvantuan81/bookmark-management/pkg/redis/config.go:13.51,17.16 3 0
github.com/tranvantuan81/bookmark-management/pkg/redis/config.go:17.16,19.3 1 0
github.com/tranvantuan81/bookmark-management/pkg/redis/config.go:20.2,20.20 1 0
github.com/tranvantuan81/bookmark-management/pkg/redis/mock.go:11.48,17.2 2 5
github.com/tranvantuan81/bookmark-management/docs/docs.go:140.13,142.2 1 0
github.com/tranvantuan81/bookmark-management/internal/api/api.go:31.70,40.2 3 0
github.com/tranvantuan81/bookmark-management/internal/api/api.go:43.32,45.2 1 0
github.com/tranvantuan81/bookmark-management/internal/api/api.go:48.70,50.2 1 0
github.com/tranvantuan81/bookmark-management/internal/api/api.go:53.31,71.2 12 0
github.com/tranvantuan81/bookmark-management/internal/config/config.go:16.35,19.29 2 2
github.com/tranvantuan81/bookmark-management/internal/config/config.go:19.29,21.3 1 2
github.com/tranvantuan81/bookmark-management/internal/config/config.go:23.2,24.16 2 2
github.com/tranvantuan81/bookmark-management/internal/config/config.go:24.16,26.3 1 0
github.com/tranvantuan81/bookmark-management/internal/config/config.go:27.2,27.20 1 2
github.com/tranvantuan81/bookmark-management/internal/handler/genpass.go:22.53,26.2 1 0
github.com/tranvantuan81/bookmark-management/internal/handler/genpass.go:36.59,38.16 2 0
github.com/tranvantuan81/bookmark-management/internal/handler/genpass.go:38.16,41.3 2 0
github.com/tranvantuan81/bookmark-management/internal/handler/genpass.go:43.2,43.48 1 0
github.com/tranvantuan81/bookmark-management/internal/handler/health_check.go:20.69,24.2 1 0
github.com/tranvantuan81/bookmark-management/internal/handler/health_check.go:34.58,36.16 2 0
github.com/tranvantuan81/bookmark-management/internal/handler/health_check.go:36.16,39.3 2 0
github.com/tranvantuan81/bookmark-management/internal/handler/health_check.go:41.2,41.28 1 0
github.com/tranvantuan81/bookmark-management/internal/handler/shortenlink.go:21.57,25.2 1 0
github.com/tranvantuan81/bookmark-management/internal/handler/shortenlink.go:46.57,49.49 2 0
github.com/tranvantuan81/bookmark-management/internal/handler/shortenlink.go:49.49,52.3 2 0
github.com/tranvantuan81/bookmark-management/internal/handler/shortenlink.go:55.2,56.16 2 0
github.com/tranvantuan81/bookmark-management/internal/handler/shortenlink.go:56.16,59.3 2 0
github.com/tranvantuan81/bookmark-management/internal/handler/shortenlink.go:62.2,62.93 1 0
github.com/tranvantuan81/bookmark-management/internal/repository/ping.go:17.36,21.2 1 0
github.com/tranvantuan81/bookmark-management/internal/repository/ping.go:23.48,25.2 1 0
github.com/tranvantuan81/bookmark-management/internal/repository/urlstorage.go:31.48,33.2 1 0
github.com/tranvantuan81/bookmark-management/internal/repository/urlstorage.go:36.88,38.2 1 0
github.com/tranvantuan81/bookmark-management/internal/repository/urlstorage.go:41.78,43.31 2 0
github.com/tranvantuan81/bookmark-management/internal/repository/urlstorage.go:43.31,45.3 1 0
github.com/tranvantuan81/bookmark-management/internal/repository/urlstorage.go:47.2,47.17 1 0
github.com/tranvantuan81/bookmark-management/internal/service/genpass.go:21.27,23.2 1 0
github.com/tranvantuan81/bookmark-management/internal/service/genpass.go:26.71,29.24 2 0
github.com/tranvantuan81/bookmark-management/internal/service/genpass.go:29.24,31.17 2 0
github.com/tranvantuan81/bookmark-management/internal/service/genpass.go:31.17,33.4 1 0
github.com/tranvantuan81/bookmark-management/internal/service/genpass.go:35.3,35.35 1 0
github.com/tranvantuan81/bookmark-management/internal/service/genpass.go:37.2,37.30 1 0
github.com/tranvantuan81/bookmark-management/internal/service/health_check.go:23.75,28.2 1 0
github.com/tranvantuan81/bookmark-management/internal/service/health_check.go:38.81,43.16 2 0
github.com/tranvantuan81/bookmark-management/internal/service/health_check.go:43.16,45.3 1 0
github.com/tranvantuan81/bookmark-management/internal/service/health_check.go:47.2,51.8 1 0
github.com/tranvantuan81/bookmark-management/internal/service/shortenurl.go:25.73,27.2 1 0
github.com/tranvantuan81/bookmark-management/internal/service/shortenurl.go:30.102,31.6 1 0
github.com/tranvantuan81/bookmark-management/internal/service/shortenurl.go:31.6,34.17 2 0
github.com/tranvantuan81/bookmark-management/internal/service/shortenurl.go:34.17,36.4 1 0
github.com/tranvantuan81/bookmark-management/internal/service/shortenurl.go:39.3,40.60 2 0
github.com/tranvantuan81/bookmark-management/internal/service/shortenurl.go:40.60,42.4 1 0
github.com/tranvantuan81/bookmark-management/internal/service/shortenurl.go:44.3,44.18 1 0
github.com/tranvantuan81/bookmark-management/internal/service/shortenurl.go:44.18,45.12 1 0
github.com/tranvantuan81/bookmark-management/internal/service/shortenurl.go:48.3,49.17 2 0
github.com/tranvantuan81/bookmark-management/internal/service/shortenurl.go:49.17,51.4 1 0
github.com/tranvantuan81/bookmark-management/internal/service/shortenurl.go:53.3,53.19 1 0
github.com/tranvantuan81/bookmark-management/pkg/redis/client.go:5.57,7.16 2 0
github.com/tranvantuan81/bookmark-management/pkg/redis/client.go:7.16,9.3 1 0
github.com/tranvantuan81/bookmark-management/pkg/redis/client.go:10.2,16.17 2 0
github.com/tranvantuan81/bookmark-management/pkg/redis/config.go:13.51,17.16 3 0
github.com/tranvantuan81/bookmark-management/pkg/redis/config.go:17.16,19.3 1 0
github.com/tranvantuan81/bookmark-management/pkg/redis/config.go:20.2,20.20 1 0
github.com/tranvantuan81/bookmark-management/pkg/redis/mock.go:11.48,17.2 2 0
github.com/tranvantuan81/bookmark-management/docs/docs.go:140.13,142.2 1 0
github.com/tranvantuan81/bookmark-management/internal/api/api.go:31.70,40.2 3 0
github.com/tranvantuan81/bookmark-management/internal/api/api.go:43.32,45.2 1 0
github.com/tranvantuan81/bookmark-management/internal/api/api.go:48.70,50.2 1 0
github.com/tranvantuan81/bookmark-management/internal/api/api.go:53.31,71.2 12 0
github.com/tranvantuan81/bookmark-management/internal/config/config.go:16.35,19.29 2 0
github.com/tranvantuan81/bookmark-management/internal/config/config.go:19.29,21.3 1 0
github.com/tranvantuan81/bookmark-management/internal/config/config.go:23.2,24.16 2 0
github.com/tranvantuan81/bookmark-management/internal/config/config.go:24.16,26.3 1 0
github.com/tranvantuan81/bookmark-management/internal/config/config.go:27.2,27.20 1 0
github.com/tranvantuan81/bookmark-management/internal/handler/genpass.go:22.53,26.2 1 2
github.com/tranvantuan81/bookmark-management/internal/handler/genpass.go:36.59,38.16 2 2
github.com/tranvantuan81/bookmark-management/internal/handler/genpass.go:38.16,41.3 2 1
github.com/tranvantuan81/bookmark-management/internal/handler/genpass.go:43.2,43.48 1 1
github.com/tranvantuan81/bookmark-management/internal/handler/health_check.go:20.69,24.2 1 2
github.com/tranvantuan81/bookmark-management/internal/handler/health_check.go:34.58,36.16 2 2
github.com/tranvantuan81/bookmark-management/internal/handler/health_check.go:36.16,39.3 2 1
github.com/tranvantuan81/bookmark-management/internal/handler/health_check.go:41.2,41.28 1 1
github.com/tranvantuan81/bookmark-management/internal/handler/shortenlink.go:21.57,25.2 1 3
github.com/tranvantuan81/bookmark-management/internal/handler/shortenlink.go:46.57,49.49 2 3
github.com/tranvantuan81/bookmark-management/internal/handler/shortenlink.go:49.49,52.3 2 1
github.com/tranvantuan81/bookmark-management/internal/handler/shortenlink.go:55.2,56.16 2 2
github.com/tranvantuan81/bookmark-management/internal/handler/shortenlink.go:56.16,59.3 2 1
github.com/tranvantuan81/bookmark-management/internal/handler/shortenlink.go:62.2,62.93 1 1
github.com/tranvantuan81/bookmark-management/internal/repository/ping.go:17.36,21.2 1 0
github.com/tranvantuan81/bookmark-management/internal/repository/ping.go:23.48,25.2 1 0
github.com/tranvantuan81/bookmark-management/internal/repository/urlstorage.go:31.48,33.2 1 0
github.com/tranvantuan81/bookmark-management/internal/repository/urlstorage.go:36.88,38.2 1 0
github.com/tranvantuan81/bookmark-management/internal/repository/urlstorage.go:41.78,43.31 2 0
github.com/tranvantuan81/bookmark-management/internal/repository/urlstorage.go:43.31,45.3 1 0
github.com/tranvantuan81/bookmark-management/internal/repository/urlstorage.go:47.2,47.17 1 0
github.com/tranvantuan81/bookmark-management/internal/service/genpass.go:21.27,23.2 1 0
github.com/tranvantuan81/bookmark-management/internal/service/genpass.go:26.71,29.24 2 0
github.com/tranvantuan81/bookmark-management/internal/service/genpass.go:29.24,31.17 2 0
github.com/tranvantuan81/bookmark-management/internal/service/genpass.go:31.17,33.4 1 0
github.com/tranvantuan81/bookmark-management/internal/service/genpass.go:35.3,35.35 1 0
github.com/tranvantuan81/bookmark-management/internal/service/genpass.go:37.2,37.30 1 0
github.com/tranvantuan81/bookmark-management/internal/service/health_check.go:23.75,28.2 1 0
github.com/tranvantuan81/bookmark-management/internal/service/health_check.go:38.81,43.16 2 0
github.com/tranvantuan81/bookmark-management/internal/service/health_check.go:43.16,45.3 1 0
github.com/tranvantuan81/bookmark-management/internal/service/health_check.go:47.2,51.8 1 0
github.com/tranvantuan81/bookmark-management/internal/service/shortenurl.go:25.73,27.2 1 0
github.com/tranvantuan81/bookmark-management/internal/service/shortenurl.go:30.102,31.6 1 0
github.com/tranvantuan81/bookmark-management/internal/service/shortenurl.go:31.6,34.17 2 0
github.com/tranvantuan81/bookmark-management/internal/service/shortenurl.go:34.17,36.4 1 0
github.com/tranvantuan81/bookmark-management/internal/service/shortenurl.go:39.3,40.60 2 0
github.com/tranvantuan81/bookmark-management/internal/service/shortenurl.go:40.60,42.4 1 0
github.com/tranvantuan81/bookmark-management/internal/service/shortenurl.go:44.3,44.18 1 0
github.com/tranvantuan81/bookmark-management/internal/service/shortenurl.go:44.18,45.12 1 0
github.com/tranvantuan81/bookmark-management/internal/service/shortenurl.go:48.3,49.17 2 0
github.com/tranvantuan81/bookmark-management/internal/service/shortenurl.go:49.17,51.4 1 0
github.com/tranvantuan81/bookmark-management/internal/service/shortenurl.go:53.3,53.19 1 0
github.com/tranvantuan81/bookmark-management/pkg/redis/client.go:5.57,7.16 2 0
github.com/tranvantuan81/bookmark-management/pkg/redis/client.go:7.16,9.3 1 0
github.com/tranvantuan81/bookmark-management/pkg/redis/client.go:10.2,16.17 2 0
github.com/tranvantuan81/bookmark-management/pkg/redis/config.go:13.51,17.16 3 0
github.com/tranvantuan81/bookmark-management/pkg/redis/config.go:17.16,19.3 1 0
github.com/tranvantuan81/bookmark-management/pkg/redis/config.go:20.2,20.20 1 0
github.com/tranvantuan81/bookmark-management/pkg/redis/mock.go:11.48,17.2 2 0
github.com/tranvantuan81/bookmark-management/docs/docs.go:140.13,142.2 1 1
github.com/tranvantuan81/bookmark-management/internal/api/api.go:31.70,40.2 3 7
github.com/tranvantuan81/bookmark-management/internal/api/api.go:43.32,45.2 1 0
github.com/tranvantuan81/bookmark-management/internal/api/api.go:48.70,50.2 1 7
github.com/tranvantuan81/bookmark-management/internal/api/api.go:53.31,71.2 12 7
github.com/tranvantuan81/bookmark-management/internal/config/config.go:16.35,19.29 2 0
github.com/tranvantuan81/bookmark-management/internal/config/config.go:19.29,21.3 1 0
github.com/tranvantuan81/bookmark-management/internal/config/config.go:23.2,24.16 2 0
github.com/tranvantuan81/bookmark-management/internal/config/config.go:24.16,26.3 1 0
github.com/tranvantuan81/bookmark-management/internal/config/config.go:27.2,27.20 1 0
github.com/tranvantuan81/bookmark-management/internal/handler/genpass.go:22.53,26.2 1 7
github.com/tranvantuan81/bookmark-management/internal/handler/genpass.go:36.59,38.16 2 1
github.com/tranvantuan81/bookmark-management/internal/handler/genpass.go:38.16,41.3 2 0
github.com/tranvantuan81/bookmark-management/internal/handler/genpass.go:43.2,43.48 1 1
github.com/tranvantuan81/bookmark-management/internal/handler/health_check.go:20.69,24.2 1 7
github.com/tranvantuan81/bookmark-management/internal/handler/health_check.go:34.58,36.16 2 1
github.com/tranvantuan81/bookmark-management/internal/handler/health_check.go:36.16,39.3 2 0
github.com/tranvantuan81/bookmark-management/internal/handler/health_check.go:41.2,41.28 1 1
github.com/tranvantuan81/bookmark-management/internal/handler/shortenlink.go:21.57,25.2 1 7
github.com/tranvantuan81/bookmark-management/internal/handler/shortenlink.go:46.57,49.49 2 2
github.com/tranvantuan81/bookmark-management/internal/handler/shortenlink.go:49.49,52.3 2 1
github.com/tranvantuan81/bookmark-management/internal/handler/shortenlink.go:55.2,56.16 2 1
github.com/tranvantuan81/bookmark-management/internal/handler/shortenlink.go:56.16,59.3 2 0
github.com/tranvantuan81/bookmark-management/internal/handler/shortenlink.go:62.2,62.93 1 1
github.com/tranvantuan81/bookmark-management/internal/repository/ping.go:17.36,21.2 1 7
github.com/tranvantuan81/bookmark-management/internal/repository/ping.go:23.48,25.2 1 1
github.com/tranvantuan81/bookmark-management/internal/repository/urlstorage.go:31.48,33.2 1 7
github.com/tranvantuan81/bookmark-management/internal/repository/urlstorage.go:36.88,38.2 1 1
github.com/tranvantuan81/bookmark-management/internal/repository/urlstorage.go:41.78,43.31 2 1
github.com/tranvantuan81/bookmark-management/internal/repository/urlstorage.go:43.31,45.3 1 1
github.com/tranvantuan81/bookmark-management/internal/repository/urlstorage.go:47.2,47.17 1 0
github.com/tranvantuan81/bookmark-management/internal/service/genpass.go:21.27,23.2 1 7
github.com/tranvantuan81/bookmark-management/internal/service/genpass.go:26.71,29.24 2 2
github.com/tranvantuan81/bookmark-management/internal/service/genpass.go:29.24,31.17 2 19
github.com/tranvantuan81/bookmark-management/internal/service/genpass.go:31.17,33.4 1 0
github.com/tranvantuan81/bookmark-management/internal/service/genpass.go:35.3,35.35 1 19
github.com/tranvantuan81/bookmark-management/internal/service/genpass.go:37.2,37.30 1 2
github.com/tranvantuan81/bookmark-management/internal/service/health_check.go:23.75,28.2 1 7
github.com/tranvantuan81/bookmark-management/internal/service/health_check.go:38.81,43.16 2 1
github.com/tranvantuan81/bookmark-management/internal/service/health_check.go:43.16,45.3 1 0
github.com/tranvantuan81/bookmark-management/internal/service/health_check.go:47.2,51.8 1 1
github.com/tranvantuan81/bookmark-management/internal/service/shortenurl.go:25.73,27.2 1 7
github.com/tranvantuan81/bookmark-management/internal/service/shortenurl.go:30.102,31.6 1 1
github.com/tranvantuan81/bookmark-management/internal/service/shortenurl.go:31.6,34.17 2 1
github.com/tranvantuan81/bookmark-management/internal/service/shortenurl.go:34.17,36.4 1 0
github.com/tranvantuan81/bookmark-management/internal/service/shortenurl.go:39.3,40.60 2 1
github.com/tranvantuan81/bookmark-management/internal/service/shortenurl.go:40.60,42.4 1 0
github.com/tranvantuan81/bookmark-management/internal/service/shortenurl.go:44.3,44.18 1 1
github.com/tranvantuan81/bookmark-management/internal/service/shortenurl.go:44.18,45.12 1 0
github.com/tranvantuan81/bookmark-management/internal/service/shortenurl.go:48.3,49.17 2 1
github.com/tranvantuan81/bookmark-management/internal/service/shortenurl.go:49.17,51.4 1 0
github.com/tranvantuan81/bookmark-management/internal/service/shortenurl.go:53.3,53.19 1 1
github.com/tranvantuan81/bookmark-management/pkg/redis/client.go:5.57,7.16 2 0
github.com/tranvantuan81/bookmark-management/pkg/redis/client.go:7.16,9.3 1 0
github.com/tranvantuan81/bookmark-management/pkg/redis/client.go:10.2,16.17 2 0
github.com/tranvantuan81/bookmark-management/pkg/redis/config.go:13.51,17.16 3 0
github.com/tranvantuan81/bookmark-management/pkg/redis/config.go:17.16,19.3 1 0
github.com/tranvantuan81/bookmark-management/pkg/redis/config.go:20.2,20.20 1 0
github.com/tranvantuan81/bookmark-management/pkg/redis/mock.go:11.48,17.2 2 7
github.com/tranvantuan81/bookmark-management/docs/docs.go:140.13,142.2 1 0
github.com/tranvantuan81/bookmark-management/internal/api/api.go:31.70,40.2 3 0
github.com/tranvantuan81/bookmark-management/internal/api/api.go:43.32,45.2 1 0
github.com/tranvantuan81/bookmark-management/internal/api/api.go:48.70,50.2 1 0
github.com/tranvantuan81/bookmark-management/internal/api/api.go:53.31,71.2 12 0
github.com/tranvantuan81/bookmark-management/internal/config/config.go:16.35,19.29 2 0
github.com/tranvantuan81/bookmark-management/internal/config/config.go:19.29,21.3 1 0
github.com/tranvantuan81/bookmark-management/internal/config/config.go:23.2,24.16 2 0
github.com/tranvantuan81/bookmark-management/internal/config/config.go:24.16,26.3 1 0
github.com/tranvantuan81/bookmark-management/internal/config/config.go:27.2,27.20 1 0
github.com/tranvantuan81/bookmark-management/internal/handler/genpass.go:22.53,26.2 1 0
github.com/tranvantuan81/bookmark-management/internal/handler/genpass.go:36.59,38.16 2 0
github.com/tranvantuan81/bookmark-management/internal/handler/genpass.go:38.16,41.3 2 0
github.com/tranvantuan81/bookmark-management/internal/handler/genpass.go:43.2,43.48 1 0
github.com/tranvantuan81/bookmark-management/internal/handler/health_check.go:20.69,24.2 1 0
github.com/tranvantuan81/bookmark-management/internal/handler/health_check.go:34.58,36.16 2 0
github.com/tranvantuan81/bookmark-management/internal/handler/health_check.go:36.16,39.3 2 0
github.com/tranvantuan81/bookmark-management/internal/handler/health_check.go:41.2,41.28 1 0
github.com/tranvantuan81/bookmark-management/internal/handler/shortenlink.go:21.57,25.2 1 0
github.com/tranvantuan81/bookmark-management/internal/handler/shortenlink.go:46.57,49.49 2 0
github.com/tranvantuan81/bookmark-management/internal/handler/shortenlink.go:49.49,52.3 2 0
github.com/tranvantuan81/bookmark-management/internal/handler/shortenlink.go:55.2,56.16 2 0
github.com/tranvantuan81/bookmark-management/internal/handler/shortenlink.go:56.16,59.3 2 0
github.com/tranvantuan81/bookmark-management/internal/handler/shortenlink.go:62.2,62.93 1 0
github.com/tranvantuan81/bookmark-management/internal/repository/ping.go:17.36,21.2 1 0
github.com/tranvantuan81/bookmark-management/internal/repository/ping.go:23.48,25.2 1 0
github.com/tranvantuan81/bookmark-management/internal/repository/urlstorage.go:31.48,33.2 1 5
github.com/tranvantuan81/bookmark-management/internal/repository/urlstorage.go:36.88,38.2 1 2
github.com/tranvantuan81/bookmark-management/internal/repository/urlstorage.go:41.78,43.31 2 4
github.com/tranvantuan81/bookmark-management/internal/repository/urlstorage.go:43.31,45.3 1 1
github.com/tranvantuan81/bookmark-management/internal/repository/urlstorage.go:47.2,47.17 1 3
github.com/tranvantuan81/bookmark-management/internal/service/genpass.go:21.27,23.2 1 0
github.com/tranvantuan81/bookmark-management/internal/service/genpass.go:26.71,29.24 2 0
github.com/tranvantuan81/bookmark-management/internal/service/genpass.go:29.24,31.17 2 0
github.com/tranvantuan81/bookmark-management/internal/service/genpass.go:31.17,33.4 1 0
github.com/tranvantuan81/bookmark-management/internal/service/genpass.go:35.3,35.35 1 0
github.com/tranvantuan81/bookmark-management/internal/service/genpass.go:37.2,37.30 1 0
github.com/tranvantuan81/bookmark-management/internal/service/health_check.go:23.75,28.2 1 0
github.com/tranvantuan81/bookmark-management/internal/service/health_check.go:38.81,43.16 2 0
github.com/tranvantuan81/bookmark-management/internal/service/health_check.go:43.16,45.3 1 0
github.com/tranvantuan81/bookmark-management/internal/service/health_check.go:47.2,51.8 1 0
github.com/tranvantuan81/bookmark-management/internal/service/shortenurl.go:25.73,27.2 1 0
github.com/tranvantuan81/bookmark-management/internal/service/shortenurl.go:30.102,31.6 1 0
github.com/tranvantuan81/bookmark-management/internal/service/shortenurl.go:31.6,34.17 2 0
github.com/tranvantuan81/bookmark-management/internal/service/shortenurl.go:34.17,36.4 1 0
github.com/tranvantuan81/bookmark-management/internal/service/shortenurl.go:39.3,40.60 2 0
github.com/tranvantuan81/bookmark-management/internal/service/shortenurl.go:40.60,42.4 1 0
github.com/tranvantuan81/bookmark-management/internal/service/shortenurl.go:44.3,44.18 1 0
github.com/tranvantuan81/bookmark-management/internal/service/shortenurl.go:44.18,45.12 1 0
github.com/tranvantuan81/bookmark-management/internal/service/shortenurl.go:48.3,49.17 2 0
github.com/tranvantuan81/bookmark-management/internal/service/shortenurl.go:49.17,51.4 1 0
github.com/tranvantuan81/bookmark-management/internal/service/shortenurl.go:53.3,53.19 1 0
github.com/tranvantuan81/bookmark-management/pkg/redis/client.go:5.57,7.16 2 0
github.com/tranvantuan81/bookmark-management/pkg/redis/client.go:7.16,9.3 1 0
github.com/tranvantuan81/bookmark-management/pkg/redis/client.go:10.2,16.17 2 0
github.com/tranvantuan81/bookmark-management/pkg/redis/config.go:13.51,17.16 3 0
github.com/tranvantuan81/bookmark-management/pkg/redis/config.go:17.16,19.3 1 0
github.com/tranvantuan81/bookmark-management/pkg/redis/config.go:20.2,20.20 1 0
github.com/tranvantuan81/bookmark-management/pkg/redis/mock.go:11.48,17.2 2 5
github.com/tranvantuan81/bookmark-management/docs/docs.go:140.13,142.2 1 0
github.com/tranvantuan81/bookmark-management/internal/api/api.go:31.70,40.2 3 0
github.com/tranvantuan81/bookmark-management/internal/api/api.go:43.32,45.2 1 0
github.com/tranvantuan81/bookmark-management/internal/api/api.go:48.70,50.2 1 0
github.com/tranvantuan81/bookmark-management/internal/api/api.go:53.31,71.2 12 0
github.com/tranvantuan81/bookmark-management/internal/config/config.go:16.35,19.29 2 0
github.com/tranvantuan81/bookmark-management/internal/config/config.go:19.29,21.3 1 0
github.com/tranvantuan81/bookmark-management/internal/config/config.go:23.2,24.16 2 0
github.com/tranvantuan81/bookmark-management/internal/config/config.go:24.16,26.3 1 0
github.com/tranvantuan81/bookmark-management/internal/config/config.go:27.2,27.20 1 0
github.com/tranvantuan81/bookmark-management/internal/handler/genpass.go:22.53,26.2 1 0
github.com/tranvantuan81/bookmark-management/internal/handler/genpass.go:36.59,38.16 2 0
github.com/tranvantuan81/bookmark-management/internal/handler/genpass.go:38.16,41.3 2 0
github.com/tranvantuan81/bookmark-management/internal/handler/genpass.go:43.2,43.48 1 0
github.com/tranvantuan81/bookmark-management/internal/handler/health_check.go:20.69,24.2 1 0
github.com/tranvantuan81/bookmark-management/internal/handler/health_check.go:34.58,36.16 2 0
github.com/tranvantuan81/bookmark-management/internal/handler/health_check.go:36.16,39.3 2 0
github.com/tranvantuan81/bookmark-management/internal/handler/health_check.go:41.2,41.28 1 0
github.com/tranvantuan81/bookmark-management/internal/handler/shortenlink.go:21.57,25.2 1 0
github.com/tranvantuan81/bookmark-management/internal/handler/shortenlink.go:46.57,49.49 2 0
github.com/tranvantuan81/bookmark-management/internal/handler/shortenlink.go:49.49,52.3 2 0
github.com/tranvantuan81/bookmark-management/internal/handler/shortenlink.go:55.2,56.16 2 0
github.com/tranvantuan81/bookmark-management/internal/handler/shortenlink.go:56.16,59.3 2 0
github.com/tranvantuan81/bookmark-management/internal/handler/shortenlink.go:62.2,62.93 1 0
github.com/tranvantuan81/bookmark-management/internal/repository/ping.go:17.36,21.2 1 2
github.com/tranvantuan81/bookmark-management/internal/repository/ping.go:23.48,25.2 1 2
github.com/tranvantuan81/bookmark-management/internal/repository/urlstorage.go:31.48,33.2 1 0
github.com/tranvantuan81/bookmark-management/internal/repository/urlstorage.go:36.88,38.2 1 0
github.com/tranvantuan81/bookmark-management/internal/repository/urlstorage.go:41.78,43.31 2 0
github.com/tranvantuan81/bookmark-management/internal/repository/urlstorage.go:43.31,45.3 1 0
github.com/tranvantuan81/bookmark-management/internal/repository/urlstorage.go:47.2,47.17 1 0
github.com/tranvantuan81/bookmark-management/internal/service/genpass.go:21.27,23.2 1 3
github.com/tranvantuan81/bookmark-management/internal/service/genpass.go:26.71,29.24 2 3
github.com/tranvantuan81/bookmark-management/internal/service/genpass.go:29.24,31.17 2 28
github.com/tranvantuan81/bookmark-management/internal/service/genpass.go:31.17,33.4 1 0
github.com/tranvantuan81/bookmark-management/internal/service/genpass.go:35.3,35.35 1 28
github.com/tranvantuan81/bookmark-management/internal/service/genpass.go:37.2,37.30 1 3
github.com/tranvantuan81/bookmark-management/internal/service/health_check.go:23.75,28.2 1 2
github.com/tranvantuan81/bookmark-management/internal/service/health_check.go:38.81,43.16 2 2
github.com/tranvantuan81/bookmark-management/internal/service/health_check.go:43.16,45.3 1 1
github.com/tranvantuan81/bookmark-management/internal/service/health_check.go:47.2,51.8 1 1
github.com/tranvantuan81/bookmark-management/internal/service/shortenurl.go:25.73,27.2 1 5
github.com/tranvantuan81/bookmark-management/internal/service/shortenurl.go:30.102,31.6 1 5
github.com/tranvantuan81/bookmark-management/internal/service/shortenurl.go:31.6,34.17 2 6
github.com/tranvantuan81/bookmark-management/internal/service/shortenurl.go:34.17,36.4 1 1
github.com/tranvantuan81/bookmark-management/internal/service/shortenurl.go:39.3,40.60 2 5
github.com/tranvantuan81/bookmark-management/internal/service/shortenurl.go:40.60,42.4 1 1
github.com/tranvantuan81/bookmark-management/internal/service/shortenurl.go:44.3,44.18 1 4
github.com/tranvantuan81/bookmark-management/internal/service/shortenurl.go:44.18,45.12 1 1
github.com/tranvantuan81/bookmark-management/internal/service/shortenurl.go:48.3,49.17 2 3
github.com/tranvantuan81/bookmark-management/internal/service/shortenurl.go:49.17,51.4 1 1
github.com/tranvantuan81/bookmark-management/internal/service/shortenurl.go:53.3,53.19 1 2
github.com/tranvantuan81/bookmark-management/pkg/redis/client.go:5.57,7.16 2 0
github.com/tranvantuan81/bookmark-management/pkg/redis/client.go:7.16,9.3 1 0
github.com/tranvantuan81/bookmark-management/pkg/redis/client.go:10.2,16.17 2 0
github.com/tranvantuan81/bookmark-management/pkg/redis/config.go:13.51,17.16 3 0
github.com/tranvantuan81/bookmark-management/pkg/redis/config.go:17.16,19.3 1 0
github.com/tranvantuan81/bookmark-management/pkg/redis/config.go:20.2,20.20 1 0
github.com/tranvantuan81/bookmark-management/pkg/redis/mock.go:11.48,17.2 2 2
github.com/tranvantuan81/bookmark-management/docs/docs.go:140.13,142.2 1 0
github.com/tranvantuan81/bookmark-management/internal/api/api.go:31.70,40.2 3 0
github.com/tranvantuan81/bookmark-management/internal/api/api.go:43.32,45.2 1 0
github.com/tranvantuan81/bookmark-management/internal/api/api.go:48.70,50.2 1 0
github.com/tranvantuan81/bookmark-management/internal/api/api.go:53.31,71.2 12 0
github.com/tranvantuan81/bookmark-management/internal/config/config.go:16.35,19.29 2 0
github.com/tranvantuan81/bookmark-management/internal/config/config.go:19.29,21.3 1 0
github.com/tranvantuan81/bookmark-management/internal/config/config.go:23.2,24.16 2 0
github.com/tranvantuan81/bookmark-management/internal/config/config.go:24.16,26.3 1 0
github.com/tranvantuan81/bookmark-management/internal/config/config.go:27.2,27.20 1 0
github.com/tranvantuan81/bookmark-management/internal/handler/genpass.go:22.53,26.2 1 0
github.com/tranvantuan81/bookmark-management/internal/handler/genpass.go:36.59,38.16 2 0
github.com/tranvantuan81/bookmark-management/internal/handler/genpass.go:38.16,41.3 2 0
github.com/tranvantuan81/bookmark-management/internal/handler/genpass.go:43.2,43.48 1 0
github.com/tranvantuan81/bookmark-management/internal/handler/health_check.go:20.69,24.2 1 0
github.com/tranvantuan81/bookmark-management/internal/handler/health_check.go:34.58,36.16 2 0
github.com/tranvantuan81/bookmark-management/internal/handler/health_check.go:36.16,39.3 2 0
github.com/tranvantuan81/bookmark-management/internal/handler/health_check.go:41.2,41.28 1 0
github.com/tranvantuan81/bookmark-management/internal/handler/shortenlink.go:21.57,25.2 1 0
github.com/tranvantuan81/bookmark-management/internal/handler/shortenlink.go:46.57,49.49 2 0
github.com/tranvantuan81/bookmark-management/internal/handler/shortenlink.go:49.49,52.3 2 0
github.com/tranvantuan81/bookmark-management/internal/handler/shortenlink.go:55.2,56.16 2 0
github.com/tranvantuan81/bookmark-management/internal/handler/shortenlink.go:56.16,59.3 2 0
github.com/tranvantuan81/bookmark-management/internal/handler/shortenlink.go:62.2,62.93 1 0
github.com/tranvantuan81/bookmark-management/internal/repository/ping.go:17.36,21.2 1 0
github.com/tranvantuan81/bookmark-management/internal/repository/ping.go:23.48,25.2 1 0
github.com/tranvantuan81/bookmark-management/internal/repository/urlstorage.go:31.48,33.2 1 0
github.com/tranvantuan81/bookmark-management/internal/repository/urlstorage.go:36.88,38.2 1 0
github.com/tranvantuan81/bookmark-management/internal/repository/urlstorage.go:41.78,43.31 2 0
github.com/tranvantuan81/bookmark-management/internal/repository/urlstorage.go:43.31,45.3 1 0
github.com/tranvantuan81/bookmark-management/internal/repository/urlstorage.go:47.2,47.17 1 0
github.com/tranvantuan81/bookmark-management/internal/service/genpass.go:21.27,23.2 1 0
github.com/tranvantuan81/bookmark-management/internal/service/genpass.go:26.71,29.24 2 0
github.com/tranvantuan81/bookmark-management/internal/service/genpass.go:29.24,31.17 2 0
github.com/tranvantuan81/bookmark-management/internal/service/genpass.go:31.17,33.4 1 0
github.com/tranvantuan81/bookmark-management/internal/service/genpass.go:35.3,35.35 1 0
github.com/tranvantuan81/bookmark-management/internal/service/genpass.go:37.2,37.30 1 0
github.com/tranvantuan81/bookmark-management/internal/service/health_check.go:23.75,28.2 1 0
github.com/tranvantuan81/bookmark-management/internal/service/health_check.go:38.81,43.16 2 0
github.com/tranvantuan81/bookmark-management/internal/service/health_check.go:43.16,45.3 1 0
github.com/tranvantuan81/bookmark-management/internal/service/health_check.go:47.2,51.8 1 0
github.com/tranvantuan81/bookmark-management/internal/service/shortenurl.go:25.73,27.2 1 0
github.com/tranvantuan81/bookmark-management/internal/service/shortenurl.go:30.102,31.6 1 0
github.com/tranvantuan81/bookmark-management/internal/service/shortenurl.go:31.6,34.17 2 0
github.com/tranvantuan81/bookmark-management/internal/service/shortenurl.go:34.17,36.4 1 0
github.com/tranvantuan81/bookmark-management/internal/service/shortenurl.go:39.3,40.60 2 0
github.com/tranvantuan81/bookmark-management/internal/service/shortenurl.go:40.60,42.4 1 0
github.com/tranvantuan81/bookmark-management/internal/service/shortenurl.go:44.3,44.18 1 0
github.com/tranvantuan81/bookmark-management/internal/service/shortenurl.go:44.18,45.12 1 0
github.com/tranvantuan81/bookmark-management/internal/service/shortenurl.go:48.3,49.17 2 0
github.com/tranvantuan81/bookmark-management/internal/service/shortenurl.go:49.17,51.4 1 0
github.com/tranvantuan81/bookmark-management/internal/service/shortenurl.go:53.3,53.19 1 0
github.com/tranvantuan81/bookmark-management/pkg/redis/client.go:5.57,7.16 2 2
github.com/tranvantuan81/bookmark-management/pkg/redis/client.go:7.16,9.3 1 1
github.com/tranvantuan81/bookmark-management/pkg/redis/client.go:10.2,16.17 2 1
github.com/tranvantuan81/bookmark-management/pkg/redis/config.go:13.51,17.16 3 2
github.com/tranvantuan81/bookmark-management/pkg/redis/config.go:17.16,19.3 1 1
github.com/tranvantuan81/bookmark-management/pkg/redis/config.go:20.2,20.20 1 1
github.com/tranvantuan81/bookmark-management/pkg/redis/mock.go:11.48,17.2 2 0
